// Jest Snapshot v1, https://goo.gl/fbAQLP

exports[`Containers.MoviesList.MoviesList:  should render component 1`] = `null`;
