// Jest Snapshot v1, https://goo.gl/fbAQLP

exports[`Containers.MovieDialog.MovieDialog:  should render component 1`] = `null`;
