// Jest Snapshot v1, https://goo.gl/fbAQLP

exports[`Containers.MovieDetails.MovieDetails:  should render component 1`] = `
Array [
  <div
    className="app-header__top-right"
  >
    <button
      className="MuiButtonBase-root MuiIconButton-root app-movie-details__icon-button"
      disabled={false}
      onBlur={[Function]}
      onClick={[Function]}
      onDragLeave={[Function]}
      onFocus={[Function]}
      onKeyDown={[Function]}
      onKeyUp={[Function]}
      onMouseDown={[Function]}
      onMouseLeave={[Function]}
      onMouseUp={[Function]}
      onTouchEnd={[Function]}
      onTouchMove={[Function]}
      onTouchStart={[Function]}
      tabIndex={0}
      type="button"
    >
      <span
        className="MuiIconButton-label"
      >
        <svg
          aria-hidden={true}
          className="MuiSvgIcon-root"
          focusable="false"
          viewBox="0 0 24 24"
        >
          <path
            d="M15.5 14h-.79l-.28-.27C15.41 12.59 16 11.11 16 9.5 16 5.91 13.09 3 9.5 3S3 5.91 3 9.5 5.91 16 9.5 16c1.61 0 3.09-.59 4.23-1.57l.27.28v.79l5 4.99L20.49 19l-4.99-5zm-6 0C7.01 14 5 11.99 5 9.5S7.01 5 9.5 5 14 7.01 14 9.5 11.99 14 9.5 14z"
          />
        </svg>
      </span>
    </button>
  </div>,
  <div
    className="app-movie-details"
  >
    <div
      className="app-movie-details__poster"
      style={
        Object {
          "backgroundImage": "url(undefined)",
        }
      }
    />
    <div
      className="app-movie-detils__content"
    >
      <h3
        className="app-movie-details__title"
      />
      <div
        className="app-movie-details__pre-description"
      >
        <span
          className="app-movie-details__pre-description-item"
        >
          
        </span>
        <span
          className="app-movie-details__pre-description-item"
        >
           min
        </span>
      </div>
      <div
        className="app-movie-details__description"
      />
    </div>
  </div>,
]
`;
