// Jest Snapshot v1, https://goo.gl/fbAQLP

exports[`Components.AppLogo.AppLogo:  should render component 1`] = `
<h1
  className="app-logo"
>
  Hello Words
</h1>
`;
