// Jest Snapshot v1, https://goo.gl/fbAQLP

exports[`Containers.PaginationLayout.PaginationLayout:  should render component 1`] = `
<nav
  aria-label="pagination navigation"
  className="MuiPagination-root app-pagination"
>
  <ul
    className="MuiPagination-ul"
  >
    <li>
      <button
        aria-current="true"
        aria-label="page 1"
        className="MuiButtonBase-root MuiPaginationItem-root MuiPaginationItem-page Mui-selected"
        disabled={false}
        onBlur={[Function]}
        onClick={[Function]}
        onDragLeave={[Function]}
        onFocus={[Function]}
        onKeyDown={[Function]}
        onKeyUp={[Function]}
        onMouseDown={[Function]}
        onMouseLeave={[Function]}
        onMouseUp={[Function]}
        onTouchEnd={[Function]}
        onTouchMove={[Function]}
        onTouchStart={[Function]}
        tabIndex={0}
        type="button"
      >
        1
      </button>
    </li>
    <li>
      <button
        aria-label="Go to page 2"
        className="MuiButtonBase-root MuiPaginationItem-root MuiPaginationItem-page"
        disabled={false}
        onBlur={[Function]}
        onClick={[Function]}
        onDragLeave={[Function]}
        onFocus={[Function]}
        onKeyDown={[Function]}
        onKeyUp={[Function]}
        onMouseDown={[Function]}
        onMouseLeave={[Function]}
        onMouseUp={[Function]}
        onTouchEnd={[Function]}
        onTouchMove={[Function]}
        onTouchStart={[Function]}
        tabIndex={0}
        type="button"
      >
        2
      </button>
    </li>
    <li>
      <button
        aria-label="Go to page 3"
        className="MuiButtonBase-root MuiPaginationItem-root MuiPaginationItem-page"
        disabled={false}
        onBlur={[Function]}
        onClick={[Function]}
        onDragLeave={[Function]}
        onFocus={[Function]}
        onKeyDown={[Function]}
        onKeyUp={[Function]}
        onMouseDown={[Function]}
        onMouseLeave={[Function]}
        onMouseUp={[Function]}
        onTouchEnd={[Function]}
        onTouchMove={[Function]}
        onTouchStart={[Function]}
        tabIndex={0}
        type="button"
      >
        3
      </button>
    </li>
    <li>
      <button
        aria-label="Go to page 4"
        className="MuiButtonBase-root MuiPaginationItem-root MuiPaginationItem-page"
        disabled={false}
        onBlur={[Function]}
        onClick={[Function]}
        onDragLeave={[Function]}
        onFocus={[Function]}
        onKeyDown={[Function]}
        onKeyUp={[Function]}
        onMouseDown={[Function]}
        onMouseLeave={[Function]}
        onMouseUp={[Function]}
        onTouchEnd={[Function]}
        onTouchMove={[Function]}
        onTouchStart={[Function]}
        tabIndex={0}
        type="button"
      >
        4
      </button>
    </li>
    <li>
      <button
        aria-label="Go to page 5"
        className="MuiButtonBase-root MuiPaginationItem-root MuiPaginationItem-page"
        disabled={false}
        onBlur={[Function]}
        onClick={[Function]}
        onDragLeave={[Function]}
        onFocus={[Function]}
        onKeyDown={[Function]}
        onKeyUp={[Function]}
        onMouseDown={[Function]}
        onMouseLeave={[Function]}
        onMouseUp={[Function]}
        onTouchEnd={[Function]}
        onTouchMove={[Function]}
        onTouchStart={[Function]}
        tabIndex={0}
        type="button"
      >
        5
      </button>
    </li>
    <li>
      <div
        className="MuiPaginationItem-root MuiPaginationItem-ellipsis"
      >
        â€¦
      </div>
    </li>
    <li>
      <button
        aria-label="Go to page 100"
        className="MuiButtonBase-root MuiPaginationItem-root MuiPaginationItem-page"
        disabled={false}
        onBlur={[Function]}
        onClick={[Function]}
        onDragLeave={[Function]}
        onFocus={[Function]}
        onKeyDown={[Function]}
        onKeyUp={[Function]}
        onMouseDown={[Function]}
        onMouseLeave={[Function]}
        onMouseUp={[Function]}
        onTouchEnd={[Function]}
        onTouchMove={[Function]}
        onTouchStart={[Function]}
        tabIndex={0}
        type="button"
      >
        100
      </button>
    </li>
  </ul>
</nav>
`;
