// Jest Snapshot v1, https://goo.gl/fbAQLP

exports[`Containers.MovieDetails.MovieDetails:  should render component 1`] = `null`;
