// Jest Snapshot v1, https://goo.gl/fbAQLP

exports[`Containers.Header.Header:  should render component 1`] = `
Array [
  <div
    className="app-header__top-right"
  >
    <button
      className="MuiButtonBase-root MuiButton-root MuiButton-text app-add-movie-button"
      disabled={false}
      onBlur={[Function]}
      onClick={[Function]}
      onDragLeave={[Function]}
      onFocus={[Function]}
      onKeyDown={[Function]}
      onKeyUp={[Function]}
      onMouseDown={[Function]}
      onMouseLeave={[Function]}
      onMouseUp={[Function]}
      onTouchEnd={[Function]}
      onTouchMove={[Function]}
      onTouchStart={[Function]}
      tabIndex={0}
      type="button"
    >
      <span
        className="MuiButton-label"
      >
        <svg
          aria-hidden={true}
          className="MuiSvgIcon-root"
          focusable="false"
          viewBox="0 0 24 24"
        >
          <path
            d="M19 13h-6v6h-2v-6H5v-2h6V5h2v6h6v2z"
          />
        </svg>
         Add movie
      </span>
    </button>
  </div>,
  <div
    className="app-header__container"
  >
    <div
      className="app-search-panel"
    >
      <h3
        className="app-search-panel__name"
      >
        Find your movie
      </h3>
      <form
        className="app-search-panel__form"
        onSubmit={[Function]}
      >
        <div
          className="MuiFormControl-root MuiTextField-root app-search-panel__form-field"
        >
          <div
            className="MuiInputBase-root MuiFilledInput-root MuiFilledInput-underline MuiInputBase-formControl"
            onClick={[Function]}
          >
            <input
              aria-invalid={false}
              autoFocus={false}
              className="MuiInputBase-input MuiFilledInput-input"
              disabled={false}
              onAnimationStart={[Function]}
              onBlur={[Function]}
              onChange={[Function]}
              onFocus={[Function]}
              placeholder="What do you want to watch?"
              required={false}
              type="text"
              value=""
            />
          </div>
        </div>
        <button
          className="MuiButtonBase-root MuiButton-root MuiButton-text app-search-panel__form-button"
          disabled={false}
          onBlur={[Function]}
          onDragLeave={[Function]}
          onFocus={[Function]}
          onKeyDown={[Function]}
          onKeyUp={[Function]}
          onMouseDown={[Function]}
          onMouseLeave={[Function]}
          onMouseUp={[Function]}
          onTouchEnd={[Function]}
          onTouchMove={[Function]}
          onTouchStart={[Function]}
          tabIndex={0}
          type="submit"
        >
          <span
            className="MuiButton-label"
          >
            Search
          </span>
        </button>
      </form>
    </div>
  </div>,
]
`;
