// Jest Snapshot v1, https://goo.gl/fbAQLP

exports[`Pages.NotFound.NotFound:  should render component 1`] = `null`;
